Token { tt: LParen, span: @0:0-1 }: "("
Token { tt: IntLiteral, span: @0:1-3 }: "11"
Token { tt: Plus, span: @0:4-5 }: "+"
Token { tt: IntLiteral, span: @0:6-8 }: "22"
Token { tt: RParen, span: @0:8-9 }: ")"
Token { tt: Star, span: @0:10-11 }: "*"
Token { tt: IntLiteral, span: @0:12-14 }: "99"
Token { tt: IntLiteral, span: @0:15-16 }: "5"
Token { tt: Minus, span: @0:17-18 }: "-"
Token { tt: IntLiteral, span: @0:19-20 }: "3"
Token { tt: Slash, span: @0:21-22 }: "/"
Token { tt: IntLiteral, span: @0:23-24 }: "2"
Token { tt: Eof, span: @0:25-25 }: ""
