Token { tt: LParen, span: @0:0-1 }: "("
Token { tt: IntLiteral, span: @0:1-2 }: "1"
Token { tt: Plus, span: @0:2-3 }: "+"
Token { tt: IntLiteral, span: @0:3-4 }: "2"
Token { tt: RParen, span: @0:4-5 }: ")"
Token { tt: Star, span: @0:5-6 }: "*"
Token { tt: IntLiteral, span: @0:6-7 }: "3"
Token { tt: Minus, span: @0:7-8 }: "-"
Token { tt: IntLiteral, span: @0:8-9 }: "4"
Token { tt: Slash, span: @0:9-10 }: "/"
Token { tt: IntLiteral, span: @0:10-11 }: "5"
Token { tt: Eof, span: @0:11-11 }: ""
