Token { tt: IntLiteral, span: @0:0-1, name: None }: "1"
Token { tt: Plus, span: @0:2-3, name: None }: "+"
Token { tt: IntLiteral, span: @0:4-5, name: None }: "2"
Token { tt: IntLiteral, span: @0:8-9, name: None }: "3"
Token { tt: Star, span: @0:11-12, name: None }: "*"
Token { tt: IntLiteral, span: @0:14-15, name: None }: "4"
Token { tt: Eof, span: @0:15-15, name: None }: ""
